// Jest Snapshot v1, https://goo.gl/fbAQLP

exports[`<PostAdd/> matches snapshot 1`] = `
<PropfilePage
  anchorEl={null}
  infoEditObj={null}
  infoObj={null}
  loading={null}
  mode={null}
>
  <styled.div>
    <div
      className="sc-gsTEea igwFIj"
    >
      <Styled(Component)>
        <ForwardRef(CircularProgress)
          className="sc-pGacB kEMnlS"
        >
          <MuiCircularProgressRoot
            className="MuiCircularProgress-root MuiCircularProgress-indeterminate MuiCircularProgress-colorPrimary sc-pGacB kEMnlS"
            ownerState={
              Object {
                "className": "sc-pGacB kEMnlS",
                "color": "primary",
                "disableShrink": false,
                "size": 40,
                "thickness": 3.6,
                "value": 0,
                "variant": "indeterminate",
              }
            }
            role="progressbar"
            style={
              Object {
                "height": 40,
                "width": 40,
              }
            }
          >
            <span
              className="MuiCircularProgress-root MuiCircularProgress-indeterminate MuiCircularProgress-colorPrimary sc-pGacB kEMnlS css-18lrjg1-MuiCircularProgress-root"
              role="progressbar"
              style={
                Object {
                  "height": 40,
                  "width": 40,
                }
              }
            >
              <MuiCircularProgressSvg
                className="MuiCircularProgress-svg"
                ownerState={
                  Object {
                    "className": "sc-pGacB kEMnlS",
                    "color": "primary",
                    "disableShrink": false,
                    "size": 40,
                    "thickness": 3.6,
                    "value": 0,
                    "variant": "indeterminate",
                  }
                }
                viewBox="22 22 44 44"
              >
                <svg
                  className="MuiCircularProgress-svg css-1idz92c-MuiCircularProgress-svg"
                  viewBox="22 22 44 44"
                >
                  <MuiCircularProgressCircle
                    className="MuiCircularProgress-circle MuiCircularProgress-circleIndeterminate"
                    cx={44}
                    cy={44}
                    fill="none"
                    ownerState={
                      Object {
                        "className": "sc-pGacB kEMnlS",
                        "color": "primary",
                        "disableShrink": false,
                        "size": 40,
                        "thickness": 3.6,
                        "value": 0,
                        "variant": "indeterminate",
                      }
                    }
                    r={20.2}
                    strokeWidth={3.6}
                    style={Object {}}
                  >
                    <circle
                      className="MuiCircularProgress-circle MuiCircularProgress-circleIndeterminate css-176wh8e-MuiCircularProgress-circle"
                      cx={44}
                      cy={44}
                      fill="none"
                      r={20.2}
                      strokeWidth={3.6}
                      style={Object {}}
                    />
                  </MuiCircularProgressCircle>
                </svg>
              </MuiCircularProgressSvg>
            </span>
          </MuiCircularProgressRoot>
        </ForwardRef(CircularProgress)>
      </Styled(Component)>
    </div>
  </styled.div>
</PropfilePage>
`;

exports[`게시글 관련 테스트 renders post write 1`] = `
<PropfilePage
  anchorEl={null}
  infoEditObj={null}
  infoObj={null}
  loading={null}
  mode={null}
>
  <styled.div>
    <div
      className="sc-gsTEea igwFIj"
    >
      <Styled(Component)>
        <ForwardRef(CircularProgress)
          className="sc-pGacB kEMnlS"
        >
          <MuiCircularProgressRoot
            className="MuiCircularProgress-root MuiCircularProgress-indeterminate MuiCircularProgress-colorPrimary sc-pGacB kEMnlS"
            ownerState={
              Object {
                "className": "sc-pGacB kEMnlS",
                "color": "primary",
                "disableShrink": false,
                "size": 40,
                "thickness": 3.6,
                "value": 0,
                "variant": "indeterminate",
              }
            }
            role="progressbar"
            style={
              Object {
                "height": 40,
                "width": 40,
              }
            }
          >
            <span
              className="MuiCircularProgress-root MuiCircularProgress-indeterminate MuiCircularProgress-colorPrimary sc-pGacB kEMnlS css-18lrjg1-MuiCircularProgress-root"
              role="progressbar"
              style={
                Object {
                  "height": 40,
                  "width": 40,
                }
              }
            >
              <MuiCircularProgressSvg
                className="MuiCircularProgress-svg"
                ownerState={
                  Object {
                    "className": "sc-pGacB kEMnlS",
                    "color": "primary",
                    "disableShrink": false,
                    "size": 40,
                    "thickness": 3.6,
                    "value": 0,
                    "variant": "indeterminate",
                  }
                }
                viewBox="22 22 44 44"
              >
                <svg
                  className="MuiCircularProgress-svg css-1idz92c-MuiCircularProgress-svg"
                  viewBox="22 22 44 44"
                >
                  <MuiCircularProgressCircle
                    className="MuiCircularProgress-circle MuiCircularProgress-circleIndeterminate"
                    cx={44}
                    cy={44}
                    fill="none"
                    ownerState={
                      Object {
                        "className": "sc-pGacB kEMnlS",
                        "color": "primary",
                        "disableShrink": false,
                        "size": 40,
                        "thickness": 3.6,
                        "value": 0,
                        "variant": "indeterminate",
                      }
                    }
                    r={20.2}
                    strokeWidth={3.6}
                    style={Object {}}
                  >
                    <circle
                      className="MuiCircularProgress-circle MuiCircularProgress-circleIndeterminate css-176wh8e-MuiCircularProgress-circle"
                      cx={44}
                      cy={44}
                      fill="none"
                      r={20.2}
                      strokeWidth={3.6}
                      style={Object {}}
                    />
                  </MuiCircularProgressCircle>
                </svg>
              </MuiCircularProgressSvg>
            </span>
          </MuiCircularProgressRoot>
        </ForwardRef(CircularProgress)>
      </Styled(Component)>
    </div>
  </styled.div>
</PropfilePage>
`;

exports[`프로필 화면 스냅샷 renders post write 1`] = `
<PropfilePage
  anchorEl={null}
  infoEditObj={null}
  infoObj={null}
  loading={null}
  mode={null}
>
  <styled.div>
    <div
      className="sc-gsTEea igwFIj"
    >
      <Styled(Component)>
        <ForwardRef(CircularProgress)
          className="sc-pGacB kEMnlS"
        >
          <MuiCircularProgressRoot
            className="MuiCircularProgress-root MuiCircularProgress-indeterminate MuiCircularProgress-colorPrimary sc-pGacB kEMnlS"
            ownerState={
              Object {
                "className": "sc-pGacB kEMnlS",
                "color": "primary",
                "disableShrink": false,
                "size": 40,
                "thickness": 3.6,
                "value": 0,
                "variant": "indeterminate",
              }
            }
            role="progressbar"
            style={
              Object {
                "height": 40,
                "width": 40,
              }
            }
          >
            <span
              className="MuiCircularProgress-root MuiCircularProgress-indeterminate MuiCircularProgress-colorPrimary sc-pGacB kEMnlS css-18lrjg1-MuiCircularProgress-root"
              role="progressbar"
              style={
                Object {
                  "height": 40,
                  "width": 40,
                }
              }
            >
              <MuiCircularProgressSvg
                className="MuiCircularProgress-svg"
                ownerState={
                  Object {
                    "className": "sc-pGacB kEMnlS",
                    "color": "primary",
                    "disableShrink": false,
                    "size": 40,
                    "thickness": 3.6,
                    "value": 0,
                    "variant": "indeterminate",
                  }
                }
                viewBox="22 22 44 44"
              >
                <svg
                  className="MuiCircularProgress-svg css-1idz92c-MuiCircularProgress-svg"
                  viewBox="22 22 44 44"
                >
                  <MuiCircularProgressCircle
                    className="MuiCircularProgress-circle MuiCircularProgress-circleIndeterminate"
                    cx={44}
                    cy={44}
                    fill="none"
                    ownerState={
                      Object {
                        "className": "sc-pGacB kEMnlS",
                        "color": "primary",
                        "disableShrink": false,
                        "size": 40,
                        "thickness": 3.6,
                        "value": 0,
                        "variant": "indeterminate",
                      }
                    }
                    r={20.2}
                    strokeWidth={3.6}
                    style={Object {}}
                  >
                    <circle
                      className="MuiCircularProgress-circle MuiCircularProgress-circleIndeterminate css-176wh8e-MuiCircularProgress-circle"
                      cx={44}
                      cy={44}
                      fill="none"
                      r={20.2}
                      strokeWidth={3.6}
                      style={Object {}}
                    />
                  </MuiCircularProgressCircle>
                </svg>
              </MuiCircularProgressSvg>
            </span>
          </MuiCircularProgressRoot>
        </ForwardRef(CircularProgress)>
      </Styled(Component)>
    </div>
  </styled.div>
</PropfilePage>
`;
